[INFO] Scanning for projects...
[INFO] 
[INFO] ----------------------< org.example:rest_assured >----------------------
[INFO] Building rest_assured 1.0-SNAPSHOT
[INFO]   from pom.xml
[INFO] --------------------------------[ jar ]---------------------------------
[INFO] 
[INFO] --- clean:3.2.0:clean (default-clean) @ rest_assured ---
[INFO] Deleting C:\Users\autom\IdeaProjects\rest_assured\target
[INFO] ------------------------------------------------------------------------
[INFO] BUILD SUCCESS
[INFO] ------------------------------------------------------------------------
[INFO] Total time:  0.262 s
[INFO] Finished at: 2026-04-10T13:19:50+05:30
[INFO] ------------------------------------------------------------------------
[INFO] Scanning for projects...
[INFO] 
[INFO] ----------------------< org.example:rest_assured >----------------------
[INFO] Building rest_assured 1.0-SNAPSHOT
[INFO]   from pom.xml
[INFO] --------------------------------[ jar ]---------------------------------
[INFO] 
[INFO] --- resources:3.3.1:resources (default-resources) @ rest_assured ---
[INFO] Copying 0 resource from src\main\resources to target\classes
[INFO] 
[INFO] --- compiler:3.13.0:compile (default-compile) @ rest_assured ---
[INFO] Recompiling the module because of changed source code.
[INFO] Compiling 7 source files with javac [debug target 17] to target\classes
[INFO] 
[INFO] --- resources:3.3.1:testResources (default-testResources) @ rest_assured ---
[INFO] Copying 5 resources from src\test\resources to target\test-classes
[INFO] 
[INFO] --- compiler:3.13.0:testCompile (default-testCompile) @ rest_assured ---
[INFO] Recompiling the module because of changed dependency.
[INFO] Compiling 3 source files with javac [debug target 17] to target\test-classes
[INFO] /C:/Users/autom/IdeaProjects/rest_assured/src/test/java/RestAssuredAPI.java: Some input files use unchecked or unsafe operations.
[INFO] /C:/Users/autom/IdeaProjects/rest_assured/src/test/java/RestAssuredAPI.java: Recompile with -Xlint:unchecked for details.
[INFO] 
[INFO] --- surefire:3.2.5:test (default-test) @ rest_assured ---
[INFO] Using auto detected provider org.apache.maven.surefire.testng.TestNGProvider
[INFO] 
[INFO] -------------------------------------------------------
[INFO]  T E S T S
[INFO] -------------------------------------------------------
[INFO] Running UserAPITest
SLF4J(W): No SLF4J providers were found.
SLF4J(W): Defaulting to no-operation (NOP) logger implementation
SLF4J(W): See https://www.slf4j.org/codes.html#noProviders for further details.
SLF4J(W): Class path contains SLF4J bindings targeting slf4j-api versions 1.7.x or earlier.
SLF4J(W): Ignoring binding found at [jar:file:/C:/Users/autom/.m2/repository/com/guicedee/services/slf4j/1.2.2.1/slf4j-1.2.2.1.jar!/org/slf4j/impl/StaticLoggerBinder.class]
SLF4J(W): See https://www.slf4j.org/codes.html#ignoredBindings for an explanation.
OASDIFF OUTPUT:


[INFO] Tests run: 0, Failures: 0, Errors: 0, Skipped: 0, Time elapsed: 0.876 s -- in UserAPITest
[INFO] 
[INFO] Results:
[INFO] 
[INFO] Tests run: 0, Failures: 0, Errors: 0, Skipped: 0
[INFO] 
[INFO] ------------------------------------------------------------------------
[INFO] BUILD SUCCESS
[INFO] ------------------------------------------------------------------------
[INFO] Total time:  5.797 s
[INFO] Finished at: 2026-04-10T13:19:58+05:30
[INFO] ------------------------------------------------------------------------
